// Jest Snapshot v1, https://goo.gl/fbAQLP

exports[`navigates to the AddEntryScreen 1`] = `
Array [
  <View
    style={
      Object {
        "backgroundColor": "#2E2F32",
        "height": 40,
      }
    }
  />,
  <View
    style={
      Object {
        "alignItems": "center",
        "backgroundColor": "#2E2F32",
        "borderBottomWidth": 0,
        "flexDirection": "row",
        "height": 60,
        "justifyContent": "space-between",
        "paddingHorizontal": 16,
        "paddingVertical": 0,
      }
    }
  >
    <View
      style={
        Array [
          Object {
            "flexDirection": "row",
          },
          Object {
            "alignItems": "center",
          },
        ]
      }
    >
      <View
        style={
          Object {
            "overflow": "hidden",
          }
        }
      >
        <View>
          <View
            style={
              Object {
                "alignItems": "center",
                "backgroundColor": "transparent",
                "justifyContent": "center",
              }
            }
          >
            <Text
              allowFontScaling={false}
              style={
                Array [
                  Object {
                    "color": "#FFF",
                    "fontSize": 20,
                  },
                  Object {
                    "backgroundColor": "transparent",
                  },
                  Object {
                    "fontFamily": "Material Icons",
                    "fontStyle": "normal",
                    "fontWeight": "normal",
                  },
                  Object {},
                ]
              }
              testID="iconIcon"
            >
              
            </Text>
          </View>
        </View>
      </View>
      <Text
        maxFontSizeMultiplier={1}
        style={
          Array [
            Object {
              "color": "#FFF",
              "fontSize": 14,
              "letterSpacing": 0,
            },
            Object {
              "fontWeight": "700",
            },
            Object {
              "fontSize": 16,
            },
            undefined,
            undefined,
            undefined,
            undefined,
            undefined,
          ]
        }
      />
    </View>
  </View>,
  <View
    style={
      Object {
        "backgroundColor": "#202124",
        "flex": 1,
      }
    }
  >
    <View
      style={
        Array [
          Object {
            "backgroundColor": "#202124",
            "flex": 1,
            "paddingTop": 20,
          },
          Object {
            "paddingHorizontal": 16,
          },
        ]
      }
    >
      <RCTScrollView
        ListEmptyComponent={[Function]}
        data={Array []}
        disableVirtualization={false}
        getItem={[Function]}
        getItemCount={[Function]}
        horizontal={false}
        initialNumToRender={10}
        keyExtractor={[Function]}
        maxToRenderPerBatch={10}
        onContentSizeChange={[Function]}
        onEndReachedThreshold={2}
        onLayout={[Function]}
        onMomentumScrollEnd={[Function]}
        onScroll={[Function]}
        onScrollBeginDrag={[Function]}
        onScrollEndDrag={[Function]}
        renderItem={[Function]}
        scrollEventThrottle={50}
        showsVerticalScrollIndicator={false}
        stickyHeaderIndices={Array []}
        updateCellsBatchingPeriod={50}
        windowSize={21}
      >
        <View>
          <View
            style={
              Object {
                "overflow": "hidden",
              }
            }
          >
            <View
              style={
                Object {
                  "marginBottom": 16,
                }
              }
            >
              <View
                style={
                  Object {
                    "alignItems": "center",
                    "backgroundColor": "transparent",
                    "justifyContent": "center",
                  }
                }
              >
                <Text
                  allowFontScaling={false}
                  style={
                    Array [
                      Object {
                        "color": "#676D70",
                        "fontSize": 36,
                      },
                      Object {
                        "backgroundColor": "transparent",
                      },
                      Object {
                        "fontFamily": "Material Icons",
                        "fontStyle": "normal",
                        "fontWeight": "normal",
                      },
                      Object {},
                    ]
                  }
                  testID="iconIcon"
                >
                  
                </Text>
              </View>
            </View>
          </View>
          <Text
            maxFontSizeMultiplier={1}
            style={
              Array [
                Object {
                  "color": "#FFF",
                  "fontSize": 14,
                  "letterSpacing": 0,
                },
                undefined,
                undefined,
                undefined,
                undefined,
                Object {
                  "color": "#676D70",
                },
                undefined,
                Object {
                  "textAlign": "center",
                },
              ]
            }
          >
            No data available
          </Text>
        </View>
      </RCTScrollView>
    </View>
    <View
      style={
        Object {
          "alignItems": "center",
          "borderRadius": 28,
          "bottom": 16,
          "flexDirection": "row",
          "justifyContent": "center",
          "opacity": 1,
          "position": "absolute",
          "right": 16,
          "transform": Array [
            Object {
              "scale": 1,
            },
          ],
        }
      }
    >
      <View
        style={
          Array [
            Object {
              "borderRadius": 3,
              "overflow": "hidden",
            },
            Object {
              "borderRadius": 3,
            },
            Object {
              "borderRadius": 28,
              "elevation": 4,
            },
            false,
          ]
        }
      >
        <View
          accessibilityRole="button"
          accessibilityState={
            Object {
              "busy": false,
              "disabled": false,
            }
          }
          accessible={true}
          focusable={true}
          onClick={[Function]}
          onResponderGrant={[Function]}
          onResponderMove={[Function]}
          onResponderRelease={[Function]}
          onResponderTerminate={[Function]}
          onResponderTerminationRequest={[Function]}
          onStartShouldSetResponder={[Function]}
          style={
            Object {
              "opacity": 1,
            }
          }
          testID="Timeline.Button"
        >
          <View
            style={
              Object {
                "alignItems": "center",
                "backgroundColor": "#8AB4F8",
                "borderColor": "#2089dc",
                "borderRadius": 3,
                "borderWidth": 0,
                "flexDirection": "row",
                "height": 56,
                "justifyContent": "center",
                "padding": 16,
                "width": 56,
              }
            }
          >
            <View
              style={
                Object {
                  "overflow": "hidden",
                }
              }
            >
              <View>
                <View
                  style={
                    Object {
                      "alignItems": "center",
                      "backgroundColor": "transparent",
                      "justifyContent": "center",
                    }
                  }
                >
                  <Text
                    allowFontScaling={false}
                    style={
                      Array [
                        Object {
                          "color": "white",
                          "fontSize": 24,
                        },
                        Object {
                          "backgroundColor": "transparent",
                        },
                        Object {
                          "fontFamily": "Material Icons",
                          "fontStyle": "normal",
                          "fontWeight": "normal",
                        },
                        Object {},
                      ]
                    }
                    testID="iconIcon"
                  >
                    
                  </Text>
                </View>
              </View>
            </View>
          </View>
        </View>
      </View>
    </View>
  </View>,
]
`;
